// Jest Snapshot v1, https://goo.gl/fbAQLP

exports[`Favorites Page Should render properly 1`] = `
Object {
  "asFragment": [Function],
  "baseElement": <body>
    <div>
      <h2
        class="sc-iCoGMd JRtUX"
      >
        Videos favoritos
      </h2>
      <div
        class="sc-bdnxRM gBYQnL"
      >
        <div
          class="sc-gtsrHT eMPrOS"
        >
          <img
            alt="img"
            aria-label="State of Emergency As Hurricane Henri Approaches New York"
            height="150px"
            src="https://i.ytimg.com/vi/EqG9gWbwxlw/hqdefault.jpg"
            style="object-fit: cover;"
            width="100%"
          />
          <div
            style="padding: 10px;"
          >
            <div>
              <h3
                class="sc-dlnjwi dzceGW"
              >
                State of Emergency As Hurricane Henri Approaches New York
              </h3>
            </div>
            <p
              class="sc-hKFxyN cvlDaB"
            >
              NBC News
            </p>
            <p
              class="sc-hKFxyN cvlDaB"
            >
              Publicado el 
              2021-08-21T23:30:18Z
            </p>
          </div>
        </div>
        <div
          class="sc-gtsrHT eMPrOS"
        >
          <img
            alt="img"
            aria-label="HAPPY HALLOWEEN! MAGICIAN PLUNGES NEEDLE THROUGH ARM!"
            height="150px"
            src="https://i.ytimg.com/vi/8vtTuYav2k0/hqdefault.jpg"
            style="object-fit: cover;"
            width="100%"
          />
          <div
            style="padding: 10px;"
          >
            <div>
              <h3
                class="sc-dlnjwi dzceGW"
              >
                HAPPY HALLOWEEN! MAGICIAN PLUNGES NEEDLE THROUGH ARM!
              </h3>
            </div>
            <p
              class="sc-hKFxyN cvlDaB"
            >
              Magic Secrets Revealed
            </p>
            <p
              class="sc-hKFxyN cvlDaB"
            >
              Publicado el 
              2019-10-24T21:00:02Z
            </p>
          </div>
        </div>
      </div>
    </div>
  </body>,
  "container": <div>
    <h2
      class="sc-iCoGMd JRtUX"
    >
      Videos favoritos
    </h2>
    <div
      class="sc-bdnxRM gBYQnL"
    >
      <div
        class="sc-gtsrHT eMPrOS"
      >
        <img
          alt="img"
          aria-label="State of Emergency As Hurricane Henri Approaches New York"
          height="150px"
          src="https://i.ytimg.com/vi/EqG9gWbwxlw/hqdefault.jpg"
          style="object-fit: cover;"
          width="100%"
        />
        <div
          style="padding: 10px;"
        >
          <div>
            <h3
              class="sc-dlnjwi dzceGW"
            >
              State of Emergency As Hurricane Henri Approaches New York
            </h3>
          </div>
          <p
            class="sc-hKFxyN cvlDaB"
          >
            NBC News
          </p>
          <p
            class="sc-hKFxyN cvlDaB"
          >
            Publicado el 
            2021-08-21T23:30:18Z
          </p>
        </div>
      </div>
      <div
        class="sc-gtsrHT eMPrOS"
      >
        <img
          alt="img"
          aria-label="HAPPY HALLOWEEN! MAGICIAN PLUNGES NEEDLE THROUGH ARM!"
          height="150px"
          src="https://i.ytimg.com/vi/8vtTuYav2k0/hqdefault.jpg"
          style="object-fit: cover;"
          width="100%"
        />
        <div
          style="padding: 10px;"
        >
          <div>
            <h3
              class="sc-dlnjwi dzceGW"
            >
              HAPPY HALLOWEEN! MAGICIAN PLUNGES NEEDLE THROUGH ARM!
            </h3>
          </div>
          <p
            class="sc-hKFxyN cvlDaB"
          >
            Magic Secrets Revealed
          </p>
          <p
            class="sc-hKFxyN cvlDaB"
          >
            Publicado el 
            2019-10-24T21:00:02Z
          </p>
        </div>
      </div>
    </div>
  </div>,
  "debug": [Function],
  "findAllByAltText": [Function],
  "findAllByDisplayValue": [Function],
  "findAllByLabelText": [Function],
  "findAllByPlaceholderText": [Function],
  "findAllByRole": [Function],
  "findAllByTestId": [Function],
  "findAllByText": [Function],
  "findAllByTitle": [Function],
  "findByAltText": [Function],
  "findByDisplayValue": [Function],
  "findByLabelText": [Function],
  "findByPlaceholderText": [Function],
  "findByRole": [Function],
  "findByTestId": [Function],
  "findByText": [Function],
  "findByTitle": [Function],
  "getAllByAltText": [Function],
  "getAllByDisplayValue": [Function],
  "getAllByLabelText": [Function],
  "getAllByPlaceholderText": [Function],
  "getAllByRole": [Function],
  "getAllByTestId": [Function],
  "getAllByText": [Function],
  "getAllByTitle": [Function],
  "getByAltText": [Function],
  "getByDisplayValue": [Function],
  "getByLabelText": [Function],
  "getByPlaceholderText": [Function],
  "getByRole": [Function],
  "getByTestId": [Function],
  "getByText": [Function],
  "getByTitle": [Function],
  "queryAllByAltText": [Function],
  "queryAllByDisplayValue": [Function],
  "queryAllByLabelText": [Function],
  "queryAllByPlaceholderText": [Function],
  "queryAllByRole": [Function],
  "queryAllByTestId": [Function],
  "queryAllByText": [Function],
  "queryAllByTitle": [Function],
  "queryByAltText": [Function],
  "queryByDisplayValue": [Function],
  "queryByLabelText": [Function],
  "queryByPlaceholderText": [Function],
  "queryByRole": [Function],
  "queryByTestId": [Function],
  "queryByText": [Function],
  "queryByTitle": [Function],
  "rerender": [Function],
  "unmount": [Function],
}
`;
