// Jest Snapshot v1, https://goo.gl/fbAQLP

exports[`Video Page Should render properly 1`] = `
Object {
  "asFragment": [Function],
  "baseElement": <body>
    <div>
      <div
        class="sc-bdnxRM gbwLTQ"
      >
        <div
          class="sc-gtsrHT gBukoy"
        >
          <iframe
            allow="accelerometer; autoplay; clipboard-write; encrypted-media; gyroscope; picture-in-picture"
            allowfullscreen=""
            class="sc-eCApnc cepYYm"
            frameborder="0"
            src="https://www.youtube.com/embed/1-2eyS0k-IA"
            title="Embedded youtube"
            width="100%"
          />
          <h2
            class="sc-dlnjwi dzceGW"
          >
            ¿Qué es React JS? Breve explicación animada
          </h2>
          <p
            class="sc-hKFxyN cvlDaB"
          >
            React (también llamada React.js o ReactJS) es una librería Javascript de código abierto para crear interfaces de usuario con el objetivo de animar al desarrollo ...
          </p>
        </div>
        <div
          class="sc-gtsrHT gBukoy"
        >
          <div
            class="sc-jrsJWt cwylym"
          >
            <div
              class="sc-fujyAs ddSJEO"
            >
              <img
                alt="img"
                aria-label="Twins vs. Yankees Game Highlights (8/20/21) | MLB Highlights"
                src="https://i.ytimg.com/vi/yFq-c9ZpmRs/default.jpg"
              />
              <div
                class="sc-pNWdM kVAvoZ"
              >
                Twins vs. Yankees Game Highlights (8/20/21) | MLB Highlights
                <div>
                  <button
                    class="sc-gKAaRy kTkCxO"
                    type="button"
                  >
                    Add to Favorites
                  </button>
                </div>
              </div>
            </div>
            <hr />
            <div
              class="sc-fujyAs ddSJEO"
            >
              <img
                alt="img"
                aria-label="State of Emergency As Hurricane Henri Approaches New York"
                src="https://i.ytimg.com/vi/EqG9gWbwxlw/default.jpg"
              />
              <div
                class="sc-pNWdM kVAvoZ"
              >
                State of Emergency As Hurricane Henri Approaches New York
                <div>
                  <button
                    class="sc-gKAaRy kTkCxO"
                    type="button"
                  >
                    Add to Favorites
                  </button>
                </div>
              </div>
            </div>
            <hr />
            <div
              class="sc-fujyAs ddSJEO"
            >
              <img
                alt="img"
                aria-label="MAGICIAN BRANDS HIS OWN FLESH... WITH A PLAYING CARD!"
                src="https://i.ytimg.com/vi/LqiDJh4zxAc/default.jpg"
              />
              <div
                class="sc-pNWdM kVAvoZ"
              >
                MAGICIAN BRANDS HIS OWN FLESH... WITH A PLAYING CARD!
                <div>
                  <button
                    class="sc-gKAaRy kTkCxO"
                    type="button"
                  >
                    Add to Favorites
                  </button>
                </div>
              </div>
            </div>
            <hr />
          </div>
        </div>
      </div>
    </div>
  </body>,
  "container": <div>
    <div
      class="sc-bdnxRM gbwLTQ"
    >
      <div
        class="sc-gtsrHT gBukoy"
      >
        <iframe
          allow="accelerometer; autoplay; clipboard-write; encrypted-media; gyroscope; picture-in-picture"
          allowfullscreen=""
          class="sc-eCApnc cepYYm"
          frameborder="0"
          src="https://www.youtube.com/embed/1-2eyS0k-IA"
          title="Embedded youtube"
          width="100%"
        />
        <h2
          class="sc-dlnjwi dzceGW"
        >
          ¿Qué es React JS? Breve explicación animada
        </h2>
        <p
          class="sc-hKFxyN cvlDaB"
        >
          React (también llamada React.js o ReactJS) es una librería Javascript de código abierto para crear interfaces de usuario con el objetivo de animar al desarrollo ...
        </p>
      </div>
      <div
        class="sc-gtsrHT gBukoy"
      >
        <div
          class="sc-jrsJWt cwylym"
        >
          <div
            class="sc-fujyAs ddSJEO"
          >
            <img
              alt="img"
              aria-label="Twins vs. Yankees Game Highlights (8/20/21) | MLB Highlights"
              src="https://i.ytimg.com/vi/yFq-c9ZpmRs/default.jpg"
            />
            <div
              class="sc-pNWdM kVAvoZ"
            >
              Twins vs. Yankees Game Highlights (8/20/21) | MLB Highlights
              <div>
                <button
                  class="sc-gKAaRy kTkCxO"
                  type="button"
                >
                  Add to Favorites
                </button>
              </div>
            </div>
          </div>
          <hr />
          <div
            class="sc-fujyAs ddSJEO"
          >
            <img
              alt="img"
              aria-label="State of Emergency As Hurricane Henri Approaches New York"
              src="https://i.ytimg.com/vi/EqG9gWbwxlw/default.jpg"
            />
            <div
              class="sc-pNWdM kVAvoZ"
            >
              State of Emergency As Hurricane Henri Approaches New York
              <div>
                <button
                  class="sc-gKAaRy kTkCxO"
                  type="button"
                >
                  Add to Favorites
                </button>
              </div>
            </div>
          </div>
          <hr />
          <div
            class="sc-fujyAs ddSJEO"
          >
            <img
              alt="img"
              aria-label="MAGICIAN BRANDS HIS OWN FLESH... WITH A PLAYING CARD!"
              src="https://i.ytimg.com/vi/LqiDJh4zxAc/default.jpg"
            />
            <div
              class="sc-pNWdM kVAvoZ"
            >
              MAGICIAN BRANDS HIS OWN FLESH... WITH A PLAYING CARD!
              <div>
                <button
                  class="sc-gKAaRy kTkCxO"
                  type="button"
                >
                  Add to Favorites
                </button>
              </div>
            </div>
          </div>
          <hr />
        </div>
      </div>
    </div>
  </div>,
  "debug": [Function],
  "findAllByAltText": [Function],
  "findAllByDisplayValue": [Function],
  "findAllByLabelText": [Function],
  "findAllByPlaceholderText": [Function],
  "findAllByRole": [Function],
  "findAllByTestId": [Function],
  "findAllByText": [Function],
  "findAllByTitle": [Function],
  "findByAltText": [Function],
  "findByDisplayValue": [Function],
  "findByLabelText": [Function],
  "findByPlaceholderText": [Function],
  "findByRole": [Function],
  "findByTestId": [Function],
  "findByText": [Function],
  "findByTitle": [Function],
  "getAllByAltText": [Function],
  "getAllByDisplayValue": [Function],
  "getAllByLabelText": [Function],
  "getAllByPlaceholderText": [Function],
  "getAllByRole": [Function],
  "getAllByTestId": [Function],
  "getAllByText": [Function],
  "getAllByTitle": [Function],
  "getByAltText": [Function],
  "getByDisplayValue": [Function],
  "getByLabelText": [Function],
  "getByPlaceholderText": [Function],
  "getByRole": [Function],
  "getByTestId": [Function],
  "getByText": [Function],
  "getByTitle": [Function],
  "queryAllByAltText": [Function],
  "queryAllByDisplayValue": [Function],
  "queryAllByLabelText": [Function],
  "queryAllByPlaceholderText": [Function],
  "queryAllByRole": [Function],
  "queryAllByTestId": [Function],
  "queryAllByText": [Function],
  "queryAllByTitle": [Function],
  "queryByAltText": [Function],
  "queryByDisplayValue": [Function],
  "queryByLabelText": [Function],
  "queryByPlaceholderText": [Function],
  "queryByRole": [Function],
  "queryByTestId": [Function],
  "queryByText": [Function],
  "queryByTitle": [Function],
  "rerender": [Function],
  "unmount": [Function],
}
`;
