// Jest Snapshot v1, https://goo.gl/fbAQLP

exports[`Video Page Should render properly when in /auth/register 1`] = `
Object {
  "asFragment": [Function],
  "baseElement": <body>
    <div>
      <div
        class="sc-gtsrHT kUvrCA"
      >
        <div
          class="sc-dlnjwi eEaXHH"
        >
          <div
            class="auth__box-container animate__animated animate__fadeIn animate__faster"
          >
            <h3
              class="sc-eCApnc hGciCd auth__title"
            >
              Register
            </h3>
            <form>
              
              <input
                autocomplete="off"
                class="sc-jSFjdj bBOMsQ auth__input"
                name="name"
                placeholder="Name"
                type="text"
                value=""
              />
              <input
                autocomplete="off"
                class="sc-jSFjdj bBOMsQ auth__input"
                name="email"
                placeholder="Email"
                type="text"
                value=""
              />
              <input
                class="sc-jSFjdj bBOMsQ auth__input"
                name="password"
                placeholder="Password"
                type="password"
                value=""
              />
              <input
                class="sc-jSFjdj bBOMsQ auth__input"
                name="password2"
                placeholder="Confirm password"
                type="password"
                value=""
              />
              <button
                class="sc-pNWdM kPTJIB btn btn-primary btn-block mb-5"
                type="submit"
              >
                Register
              </button>
              <div>
                <a
                  class="sc-hKFxyN cFwZJz link"
                  href="/auth/login"
                >
                  Already registered?
                </a>
              </div>
            </form>
          </div>
        </div>
      </div>
    </div>
  </body>,
  "container": <div>
    <div
      class="sc-gtsrHT kUvrCA"
    >
      <div
        class="sc-dlnjwi eEaXHH"
      >
        <div
          class="auth__box-container animate__animated animate__fadeIn animate__faster"
        >
          <h3
            class="sc-eCApnc hGciCd auth__title"
          >
            Register
          </h3>
          <form>
            
            <input
              autocomplete="off"
              class="sc-jSFjdj bBOMsQ auth__input"
              name="name"
              placeholder="Name"
              type="text"
              value=""
            />
            <input
              autocomplete="off"
              class="sc-jSFjdj bBOMsQ auth__input"
              name="email"
              placeholder="Email"
              type="text"
              value=""
            />
            <input
              class="sc-jSFjdj bBOMsQ auth__input"
              name="password"
              placeholder="Password"
              type="password"
              value=""
            />
            <input
              class="sc-jSFjdj bBOMsQ auth__input"
              name="password2"
              placeholder="Confirm password"
              type="password"
              value=""
            />
            <button
              class="sc-pNWdM kPTJIB btn btn-primary btn-block mb-5"
              type="submit"
            >
              Register
            </button>
            <div>
              <a
                class="sc-hKFxyN cFwZJz link"
                href="/auth/login"
              >
                Already registered?
              </a>
            </div>
          </form>
        </div>
      </div>
    </div>
  </div>,
  "debug": [Function],
  "findAllByAltText": [Function],
  "findAllByDisplayValue": [Function],
  "findAllByLabelText": [Function],
  "findAllByPlaceholderText": [Function],
  "findAllByRole": [Function],
  "findAllByTestId": [Function],
  "findAllByText": [Function],
  "findAllByTitle": [Function],
  "findByAltText": [Function],
  "findByDisplayValue": [Function],
  "findByLabelText": [Function],
  "findByPlaceholderText": [Function],
  "findByRole": [Function],
  "findByTestId": [Function],
  "findByText": [Function],
  "findByTitle": [Function],
  "getAllByAltText": [Function],
  "getAllByDisplayValue": [Function],
  "getAllByLabelText": [Function],
  "getAllByPlaceholderText": [Function],
  "getAllByRole": [Function],
  "getAllByTestId": [Function],
  "getAllByText": [Function],
  "getAllByTitle": [Function],
  "getByAltText": [Function],
  "getByDisplayValue": [Function],
  "getByLabelText": [Function],
  "getByPlaceholderText": [Function],
  "getByRole": [Function],
  "getByTestId": [Function],
  "getByText": [Function],
  "getByTitle": [Function],
  "queryAllByAltText": [Function],
  "queryAllByDisplayValue": [Function],
  "queryAllByLabelText": [Function],
  "queryAllByPlaceholderText": [Function],
  "queryAllByRole": [Function],
  "queryAllByTestId": [Function],
  "queryAllByText": [Function],
  "queryAllByTitle": [Function],
  "queryByAltText": [Function],
  "queryByDisplayValue": [Function],
  "queryByLabelText": [Function],
  "queryByPlaceholderText": [Function],
  "queryByRole": [Function],
  "queryByTestId": [Function],
  "queryByText": [Function],
  "queryByTitle": [Function],
  "rerender": [Function],
  "unmount": [Function],
}
`;
