// Jest Snapshot v1, https://goo.gl/fbAQLP

exports[`Navbar not being logged in Should render properly 1`] = `
Object {
  "asFragment": [Function],
  "baseElement": <body>
    <div>
      <div
        class="sc-hKFxyN hcZOaO topnav"
        id="myTopnav"
      >
        <a
          class="sc-eCApnc puTUN"
          href="/"
        >
          Home
        </a>
        <div
          class="sc-bdnxRM hqtFRX topnav"
          id="myTopnav"
        >
          <input
            class="sc-gtsrHT gJxAMF"
            placeholder="Enter your search..."
            value=""
          />
          <button
            class="sc-dlnjwi dVkyC"
            name="search"
          >
            Search
          </button>
        </div>
        <div
          class="sc-pNWdM jNockk"
        >
          <p
            class="sc-jSFjdj jQtSio"
            href="#about"
          >
            Dark mode
          </p>
          <div
            class="sc-jrsJWt cmODpM"
          >
            <div
              class="sc-gKAaRy bUbtZe"
            >
              <input
                checked=""
                class="sc-fujyAs drCHme"
                id="checkbox"
                type="checkbox"
              />
              <label
                class="sc-iCoGMd eIFASq"
                for="checkbox"
              />
            </div>
            <a
              class="sc-eCApnc puTUN"
              href="/auth"
            >
              Login
            </a>
          </div>
        </div>
      </div>
    </div>
  </body>,
  "container": <div>
    <div
      class="sc-hKFxyN hcZOaO topnav"
      id="myTopnav"
    >
      <a
        class="sc-eCApnc puTUN"
        href="/"
      >
        Home
      </a>
      <div
        class="sc-bdnxRM hqtFRX topnav"
        id="myTopnav"
      >
        <input
          class="sc-gtsrHT gJxAMF"
          placeholder="Enter your search..."
          value=""
        />
        <button
          class="sc-dlnjwi dVkyC"
          name="search"
        >
          Search
        </button>
      </div>
      <div
        class="sc-pNWdM jNockk"
      >
        <p
          class="sc-jSFjdj jQtSio"
          href="#about"
        >
          Dark mode
        </p>
        <div
          class="sc-jrsJWt cmODpM"
        >
          <div
            class="sc-gKAaRy bUbtZe"
          >
            <input
              checked=""
              class="sc-fujyAs drCHme"
              id="checkbox"
              type="checkbox"
            />
            <label
              class="sc-iCoGMd eIFASq"
              for="checkbox"
            />
          </div>
          <a
            class="sc-eCApnc puTUN"
            href="/auth"
          >
            Login
          </a>
        </div>
      </div>
    </div>
  </div>,
  "debug": [Function],
  "findAllByAltText": [Function],
  "findAllByDisplayValue": [Function],
  "findAllByLabelText": [Function],
  "findAllByPlaceholderText": [Function],
  "findAllByRole": [Function],
  "findAllByTestId": [Function],
  "findAllByText": [Function],
  "findAllByTitle": [Function],
  "findByAltText": [Function],
  "findByDisplayValue": [Function],
  "findByLabelText": [Function],
  "findByPlaceholderText": [Function],
  "findByRole": [Function],
  "findByTestId": [Function],
  "findByText": [Function],
  "findByTitle": [Function],
  "getAllByAltText": [Function],
  "getAllByDisplayValue": [Function],
  "getAllByLabelText": [Function],
  "getAllByPlaceholderText": [Function],
  "getAllByRole": [Function],
  "getAllByTestId": [Function],
  "getAllByText": [Function],
  "getAllByTitle": [Function],
  "getByAltText": [Function],
  "getByDisplayValue": [Function],
  "getByLabelText": [Function],
  "getByPlaceholderText": [Function],
  "getByRole": [Function],
  "getByTestId": [Function],
  "getByText": [Function],
  "getByTitle": [Function],
  "queryAllByAltText": [Function],
  "queryAllByDisplayValue": [Function],
  "queryAllByLabelText": [Function],
  "queryAllByPlaceholderText": [Function],
  "queryAllByRole": [Function],
  "queryAllByTestId": [Function],
  "queryAllByText": [Function],
  "queryAllByTitle": [Function],
  "queryByAltText": [Function],
  "queryByDisplayValue": [Function],
  "queryByLabelText": [Function],
  "queryByPlaceholderText": [Function],
  "queryByRole": [Function],
  "queryByTestId": [Function],
  "queryByText": [Function],
  "queryByTitle": [Function],
  "rerender": [Function],
  "unmount": [Function],
}
`;
