// Jest Snapshot v1, https://goo.gl/fbAQLP

exports[`SidebarItem Should render properly 1`] = `
Object {
  "asFragment": [Function],
  "baseElement": <body>
    <div>
      <div
        class="sc-hKFxyN jZQRpS"
      >
        <img
          alt="img"
          aria-label="¿Qué es React JS? Breve explicación animada"
          src="https://i.ytimg.com/vi/1-2eyS0k-IA/default.jpg"
        />
        <div
          class="sc-eCApnc GbguX"
        >
          ¿Qué es React JS? Breve explicación animada
        </div>
      </div>
      <hr />
    </div>
  </body>,
  "container": <div>
    <div
      class="sc-hKFxyN jZQRpS"
    >
      <img
        alt="img"
        aria-label="¿Qué es React JS? Breve explicación animada"
        src="https://i.ytimg.com/vi/1-2eyS0k-IA/default.jpg"
      />
      <div
        class="sc-eCApnc GbguX"
      >
        ¿Qué es React JS? Breve explicación animada
      </div>
    </div>
    <hr />
  </div>,
  "debug": [Function],
  "findAllByAltText": [Function],
  "findAllByDisplayValue": [Function],
  "findAllByLabelText": [Function],
  "findAllByPlaceholderText": [Function],
  "findAllByRole": [Function],
  "findAllByTestId": [Function],
  "findAllByText": [Function],
  "findAllByTitle": [Function],
  "findByAltText": [Function],
  "findByDisplayValue": [Function],
  "findByLabelText": [Function],
  "findByPlaceholderText": [Function],
  "findByRole": [Function],
  "findByTestId": [Function],
  "findByText": [Function],
  "findByTitle": [Function],
  "getAllByAltText": [Function],
  "getAllByDisplayValue": [Function],
  "getAllByLabelText": [Function],
  "getAllByPlaceholderText": [Function],
  "getAllByRole": [Function],
  "getAllByTestId": [Function],
  "getAllByText": [Function],
  "getAllByTitle": [Function],
  "getByAltText": [Function],
  "getByDisplayValue": [Function],
  "getByLabelText": [Function],
  "getByPlaceholderText": [Function],
  "getByRole": [Function],
  "getByTestId": [Function],
  "getByText": [Function],
  "getByTitle": [Function],
  "queryAllByAltText": [Function],
  "queryAllByDisplayValue": [Function],
  "queryAllByLabelText": [Function],
  "queryAllByPlaceholderText": [Function],
  "queryAllByRole": [Function],
  "queryAllByTestId": [Function],
  "queryAllByText": [Function],
  "queryAllByTitle": [Function],
  "queryByAltText": [Function],
  "queryByDisplayValue": [Function],
  "queryByLabelText": [Function],
  "queryByPlaceholderText": [Function],
  "queryByRole": [Function],
  "queryByTestId": [Function],
  "queryByText": [Function],
  "queryByTitle": [Function],
  "rerender": [Function],
  "unmount": [Function],
}
`;
