// Jest Snapshot v1, https://goo.gl/fbAQLP

exports[`VideoItem not being logged in Should render properly 1`] = `
Object {
  "asFragment": [Function],
  "baseElement": <body>
    <div>
      <div
        class="sc-bdnxRM jEaRYL"
      >
        <img
          alt="img"
          aria-label="¿Qué es React JS? Breve explicación animada"
          height="150px"
          src="https://i.ytimg.com/vi/1-2eyS0k-IA/hqdefault.jpg"
          style="object-fit: cover;"
          width="100%"
        />
        <div
          style="padding: 10px;"
        >
          <div>
            <h3
              class="sc-gtsrHT gtXmqm"
            >
              ¿Qué es React JS? Breve explicación animada
            </h3>
          </div>
          <p
            class="sc-dlnjwi OrDgl"
          >
            Bitech Studio
          </p>
          <p
            class="sc-dlnjwi OrDgl"
          >
            Publicado el 
            2018-02-20T04:15:30Z
          </p>
        </div>
      </div>
    </div>
  </body>,
  "container": <div>
    <div
      class="sc-bdnxRM jEaRYL"
    >
      <img
        alt="img"
        aria-label="¿Qué es React JS? Breve explicación animada"
        height="150px"
        src="https://i.ytimg.com/vi/1-2eyS0k-IA/hqdefault.jpg"
        style="object-fit: cover;"
        width="100%"
      />
      <div
        style="padding: 10px;"
      >
        <div>
          <h3
            class="sc-gtsrHT gtXmqm"
          >
            ¿Qué es React JS? Breve explicación animada
          </h3>
        </div>
        <p
          class="sc-dlnjwi OrDgl"
        >
          Bitech Studio
        </p>
        <p
          class="sc-dlnjwi OrDgl"
        >
          Publicado el 
          2018-02-20T04:15:30Z
        </p>
      </div>
    </div>
  </div>,
  "debug": [Function],
  "findAllByAltText": [Function],
  "findAllByDisplayValue": [Function],
  "findAllByLabelText": [Function],
  "findAllByPlaceholderText": [Function],
  "findAllByRole": [Function],
  "findAllByTestId": [Function],
  "findAllByText": [Function],
  "findAllByTitle": [Function],
  "findByAltText": [Function],
  "findByDisplayValue": [Function],
  "findByLabelText": [Function],
  "findByPlaceholderText": [Function],
  "findByRole": [Function],
  "findByTestId": [Function],
  "findByText": [Function],
  "findByTitle": [Function],
  "getAllByAltText": [Function],
  "getAllByDisplayValue": [Function],
  "getAllByLabelText": [Function],
  "getAllByPlaceholderText": [Function],
  "getAllByRole": [Function],
  "getAllByTestId": [Function],
  "getAllByText": [Function],
  "getAllByTitle": [Function],
  "getByAltText": [Function],
  "getByDisplayValue": [Function],
  "getByLabelText": [Function],
  "getByPlaceholderText": [Function],
  "getByRole": [Function],
  "getByTestId": [Function],
  "getByText": [Function],
  "getByTitle": [Function],
  "queryAllByAltText": [Function],
  "queryAllByDisplayValue": [Function],
  "queryAllByLabelText": [Function],
  "queryAllByPlaceholderText": [Function],
  "queryAllByRole": [Function],
  "queryAllByTestId": [Function],
  "queryAllByText": [Function],
  "queryAllByTitle": [Function],
  "queryByAltText": [Function],
  "queryByDisplayValue": [Function],
  "queryByLabelText": [Function],
  "queryByPlaceholderText": [Function],
  "queryByRole": [Function],
  "queryByTestId": [Function],
  "queryByText": [Function],
  "queryByTitle": [Function],
  "rerender": [Function],
  "unmount": [Function],
}
`;
