// Jest Snapshot v1, https://goo.gl/fbAQLP

exports[`Auth Page Should render properly 1`] = `
Object {
  "asFragment": [Function],
  "baseElement": <body>
    <div>
      <div
        class="sc-gtsrHT kUvrCA"
      >
        <div
          class="sc-dlnjwi eEaXHH"
        >
          <h3
            class="sc-eCApnc hGciCd"
          >
            Login
          </h3>
          <form>
            
            <input
              autocomplete="off"
              class="sc-jSFjdj bBOMsQ auth__input"
              name="email"
              placeholder="Email"
              type="text"
              value=""
            />
            <input
              class="sc-jSFjdj bBOMsQ auth__input"
              name="password"
              placeholder="Password"
              type="password"
              value=""
            />
            <button
              class="sc-pNWdM kPTJIB btn btn-primary btn-block mb-1"
              type="submit"
            >
              Login
            </button>
            <div
              class="sc-gKAaRy gDVUFA auth__social-networks mt-1"
            >
              <p>
                Login with Social Networks
              </p>
              <div
                class="sc-iCoGMd xsXRv google-btn"
              >
                <div
                  class="google-icon-wrapper"
                >
                  <img
                    alt="google button"
                    class="google-icon"
                    src="https://upload.wikimedia.org/wikipedia/commons/5/53/Google_%22G%22_Logo.svg"
                  />
                </div>
                <p
                  class="btn-text"
                >
                  <b>
                    Sign in with google
                  </b>
                </p>
              </div>
            </div>
            <a
              class="sc-hKFxyN cFwZJz link"
              href="/auth/register"
            >
              Create new account
            </a>
          </form>
        </div>
      </div>
    </div>
  </body>,
  "container": <div>
    <div
      class="sc-gtsrHT kUvrCA"
    >
      <div
        class="sc-dlnjwi eEaXHH"
      >
        <h3
          class="sc-eCApnc hGciCd"
        >
          Login
        </h3>
        <form>
          
          <input
            autocomplete="off"
            class="sc-jSFjdj bBOMsQ auth__input"
            name="email"
            placeholder="Email"
            type="text"
            value=""
          />
          <input
            class="sc-jSFjdj bBOMsQ auth__input"
            name="password"
            placeholder="Password"
            type="password"
            value=""
          />
          <button
            class="sc-pNWdM kPTJIB btn btn-primary btn-block mb-1"
            type="submit"
          >
            Login
          </button>
          <div
            class="sc-gKAaRy gDVUFA auth__social-networks mt-1"
          >
            <p>
              Login with Social Networks
            </p>
            <div
              class="sc-iCoGMd xsXRv google-btn"
            >
              <div
                class="google-icon-wrapper"
              >
                <img
                  alt="google button"
                  class="google-icon"
                  src="https://upload.wikimedia.org/wikipedia/commons/5/53/Google_%22G%22_Logo.svg"
                />
              </div>
              <p
                class="btn-text"
              >
                <b>
                  Sign in with google
                </b>
              </p>
            </div>
          </div>
          <a
            class="sc-hKFxyN cFwZJz link"
            href="/auth/register"
          >
            Create new account
          </a>
        </form>
      </div>
    </div>
  </div>,
  "debug": [Function],
  "findAllByAltText": [Function],
  "findAllByDisplayValue": [Function],
  "findAllByLabelText": [Function],
  "findAllByPlaceholderText": [Function],
  "findAllByRole": [Function],
  "findAllByTestId": [Function],
  "findAllByText": [Function],
  "findAllByTitle": [Function],
  "findByAltText": [Function],
  "findByDisplayValue": [Function],
  "findByLabelText": [Function],
  "findByPlaceholderText": [Function],
  "findByRole": [Function],
  "findByTestId": [Function],
  "findByText": [Function],
  "findByTitle": [Function],
  "getAllByAltText": [Function],
  "getAllByDisplayValue": [Function],
  "getAllByLabelText": [Function],
  "getAllByPlaceholderText": [Function],
  "getAllByRole": [Function],
  "getAllByTestId": [Function],
  "getAllByText": [Function],
  "getAllByTitle": [Function],
  "getByAltText": [Function],
  "getByDisplayValue": [Function],
  "getByLabelText": [Function],
  "getByPlaceholderText": [Function],
  "getByRole": [Function],
  "getByTestId": [Function],
  "getByText": [Function],
  "getByTitle": [Function],
  "queryAllByAltText": [Function],
  "queryAllByDisplayValue": [Function],
  "queryAllByLabelText": [Function],
  "queryAllByPlaceholderText": [Function],
  "queryAllByRole": [Function],
  "queryAllByTestId": [Function],
  "queryAllByText": [Function],
  "queryAllByTitle": [Function],
  "queryByAltText": [Function],
  "queryByDisplayValue": [Function],
  "queryByLabelText": [Function],
  "queryByPlaceholderText": [Function],
  "queryByRole": [Function],
  "queryByTestId": [Function],
  "queryByText": [Function],
  "queryByTitle": [Function],
  "rerender": [Function],
  "unmount": [Function],
}
`;
